---
source: lambc_parse/src/parse.rs
expression: parser.parse_import()
---
Ok(
    Import {
        file: "my-path",
        name: Some(
            Ident {
                raw: "my_path",
                span: Span {
                    start: 18,
                    end: 25,
                },
            },
        ),
        items: [],
        star: false,
        span: Span {
            start: 0,
            end: 26,
        },
        path_span: Span {
            start: 5,
            end: 14,
        },
    },
)
