---
source: lambc_parse/src/parse.rs
expression: parser.parse_export()
---
Ok(
    Export {
        items: [
            ExportItem {
                item: Ident {
                    raw: "one",
                    span: Span {
                        start: 9,
                        end: 12,
                    },
                },
                alias: None,
                span: Span {
                    start: 9,
                    end: 12,
                },
            },
            ExportItem {
                item: Ident {
                    raw: "two",
                    span: Span {
                        start: 14,
                        end: 17,
                    },
                },
                alias: None,
                span: Span {
                    start: 14,
                    end: 17,
                },
            },
        ],
        span: Span {
            start: 0,
            end: 20,
        },
    },
)
