---
source: lambc_parse/src/parse.rs
expression: parser.parse_import()
---
Ok(
    Import {
        file: StrLit {
            text: Some(
                StrText {
                    inner: "my-path",
                    span: Span {
                        file: FileId(
                            0,
                        ),
                        start: 6,
                        end: 13,
                    },
                },
            ),
            span: Span {
                file: FileId(
                    0,
                ),
                start: 5,
                end: 14,
            },
        },
        name: None,
        items: [
            ImportItem {
                item: Ident {
                    raw: "one",
                    span: Span {
                        file: FileId(
                            0,
                        ),
                        start: 23,
                        end: 26,
                    },
                },
                alias: Some(
                    Ident {
                        raw: "i1",
                        span: Span {
                            file: FileId(
                                0,
                            ),
                            start: 30,
                            end: 32,
                        },
                    },
                ),
                span: Span {
                    file: FileId(
                        0,
                    ),
                    start: 30,
                    end: 32,
                },
            },
            ImportItem {
                item: Ident {
                    raw: "two",
                    span: Span {
                        file: FileId(
                            0,
                        ),
                        start: 34,
                        end: 37,
                    },
                },
                alias: Some(
                    Ident {
                        raw: "i2",
                        span: Span {
                            file: FileId(
                                0,
                            ),
                            start: 41,
                            end: 43,
                        },
                    },
                ),
                span: Span {
                    file: FileId(
                        0,
                    ),
                    start: 41,
                    end: 43,
                },
            },
            ImportItem {
                item: Ident {
                    raw: "three",
                    span: Span {
                        file: FileId(
                            0,
                        ),
                        start: 45,
                        end: 50,
                    },
                },
                alias: None,
                span: Span {
                    file: FileId(
                        0,
                    ),
                    start: 45,
                    end: 50,
                },
            },
        ],
        star: false,
        span: Span {
            file: FileId(
                0,
            ),
            start: 0,
            end: 52,
        },
    },
)
