---
source: lambc_parse/src/parse.rs
expression: parser.parse_atom()
---
Ok(
    Block(
        Block {
            statements: [
                Define(
                    Define {
                        ident: Ident {
                            raw: "x",
                            span: Span {
                                file: FileId(
                                    0,
                                ),
                                start: 2,
                                end: 3,
                            },
                        },
                        value: I64(
                            I64Lit {
                                base: Dec,
                                value: "2",
                                span: Span {
                                    file: FileId(
                                        0,
                                    ),
                                    start: 7,
                                    end: 8,
                                },
                            },
                        ),
                        span: Span {
                            file: FileId(
                                0,
                            ),
                            start: 2,
                            end: 9,
                        },
                    },
                ),
            ],
            value: Some(
                Block(
                    Block {
                        statements: [
                            Define(
                                Define {
                                    ident: Ident {
                                        raw: "x",
                                        span: Span {
                                            file: FileId(
                                                0,
                                            ),
                                            start: 12,
                                            end: 13,
                                        },
                                    },
                                    value: I64(
                                        I64Lit {
                                            base: Dec,
                                            value: "2",
                                            span: Span {
                                                file: FileId(
                                                    0,
                                                ),
                                                start: 17,
                                                end: 18,
                                            },
                                        },
                                    ),
                                    span: Span {
                                        file: FileId(
                                            0,
                                        ),
                                        start: 12,
                                        end: 19,
                                    },
                                },
                            ),
                        ],
                        value: Some(
                            Block(
                                Block {
                                    statements: [
                                        Define(
                                            Define {
                                                ident: Ident {
                                                    raw: "x",
                                                    span: Span {
                                                        file: FileId(
                                                            0,
                                                        ),
                                                        start: 22,
                                                        end: 23,
                                                    },
                                                },
                                                value: Block(
                                                    Block {
                                                        statements: [],
                                                        value: Some(
                                                            I64(
                                                                I64Lit {
                                                                    base: Dec,
                                                                    value: "2",
                                                                    span: Span {
                                                                        file: FileId(
                                                                            0,
                                                                        ),
                                                                        start: 29,
                                                                        end: 30,
                                                                    },
                                                                },
                                                            ),
                                                        ),
                                                        span: Span {
                                                            file: FileId(
                                                                0,
                                                            ),
                                                            start: 27,
                                                            end: 32,
                                                        },
                                                    },
                                                ),
                                                span: Span {
                                                    file: FileId(
                                                        0,
                                                    ),
                                                    start: 22,
                                                    end: 33,
                                                },
                                            },
                                        ),
                                    ],
                                    value: None,
                                    span: Span {
                                        file: FileId(
                                            0,
                                        ),
                                        start: 20,
                                        end: 35,
                                    },
                                },
                            ),
                        ),
                        span: Span {
                            file: FileId(
                                0,
                            ),
                            start: 10,
                            end: 37,
                        },
                    },
                ),
            ),
            span: Span {
                file: FileId(
                    0,
                ),
                start: 0,
                end: 39,
            },
        },
    ),
)
