---
source: lambc_parse/src/parse.rs
expression: parser.parse_atom()
---
Ok(
    FnDef(
        FnDef {
            args: [],
            body: Nil(
                NilLit {
                    span: Span {
                        start: 8,
                        end: 11,
                    },
                },
            ),
            recursive: false,
            span: Span {
                start: 0,
                end: 11,
            },
        },
    ),
)
