---
source: lambc_parse/src/parse.rs
expression: parser.parse_export()
---
Ok(
    Export {
        items: [
            ExportItem {
                item: Ident {
                    raw: "one",
                    span: Span {
                        start: 7,
                        end: 10,
                    },
                },
                alias: Some(
                    Ident {
                        raw: "e1",
                        span: Span {
                            start: 14,
                            end: 16,
                        },
                    },
                ),
                span: Span {
                    start: 14,
                    end: 16,
                },
            },
            ExportItem {
                item: Ident {
                    raw: "two",
                    span: Span {
                        start: 18,
                        end: 21,
                    },
                },
                alias: Some(
                    Ident {
                        raw: "e2",
                        span: Span {
                            start: 25,
                            end: 27,
                        },
                    },
                ),
                span: Span {
                    start: 25,
                    end: 27,
                },
            },
        ],
        span: Span {
            start: 0,
            end: 29,
        },
    },
)
