---
source: lambc_parse/src/parse.rs
expression: parser.parse_stmt()
---
Ok(
    Define(
        Define {
            ident: Ident {
                raw: "x",
                span: Span {
                    start: 0,
                    end: 1,
                },
            },
            value: I64(
                I64Lit {
                    base: Dec,
                    value: "2",
                    span: Span {
                        start: 5,
                        end: 6,
                    },
                },
            ),
            span: Span {
                start: 0,
                end: 7,
            },
        },
    ),
)
