---
source: lambc_parse/src/parse.rs
expression: parser.parse_stmt()
---
Ok(
    Expr(
        ExprStatement {
            expr: I64(
                I64Lit {
                    base: Dec,
                    value: "2",
                    span: Span {
                        start: 0,
                        end: 1,
                    },
                },
            ),
            span: Span {
                start: 0,
                end: 2,
            },
        },
    ),
)
