---
source: lambc_parse/src/parse.rs
expression: parser.parse_type()
---
Ok(
    Fn(
        FnType {
            args: [],
            gens: Some(
                SimpleGenerics {
                    params: [
                        SimpleGeneric {
                            id: Ident {
                                raw: "k",
                                span: Span {
                                    start: 3,
                                    end: 4,
                                },
                            },
                            span: Span {
                                start: 3,
                                end: 4,
                            },
                        },
                        SimpleGeneric {
                            id: Ident {
                                raw: "v",
                                span: Span {
                                    start: 6,
                                    end: 7,
                                },
                            },
                            span: Span {
                                start: 6,
                                end: 7,
                            },
                        },
                    ],
                    span: Span {
                        start: 2,
                        end: 8,
                    },
                },
            ),
            ret_type: Some(
                Named(
                    NamedType {
                        name: Ident {
                            raw: "map",
                            span: Span {
                                start: 14,
                                end: 17,
                            },
                        },
                        gens: Some(
                            Generics {
                                params: [
                                    Generic {
                                        id: Named(
                                            NamedType {
                                                name: Ident {
                                                    raw: "k",
                                                    span: Span {
                                                        start: 18,
                                                        end: 19,
                                                    },
                                                },
                                                gens: None,
                                                span: Span {
                                                    start: 18,
                                                    end: 19,
                                                },
                                            },
                                        ),
                                        span: Span {
                                            start: 18,
                                            end: 19,
                                        },
                                    },
                                    Generic {
                                        id: Named(
                                            NamedType {
                                                name: Ident {
                                                    raw: "v",
                                                    span: Span {
                                                        start: 21,
                                                        end: 22,
                                                    },
                                                },
                                                gens: None,
                                                span: Span {
                                                    start: 21,
                                                    end: 22,
                                                },
                                            },
                                        ),
                                        span: Span {
                                            start: 21,
                                            end: 22,
                                        },
                                    },
                                ],
                                span: Span {
                                    start: 17,
                                    end: 23,
                                },
                            },
                        ),
                        span: Span {
                            start: 14,
                            end: 23,
                        },
                    },
                ),
            ),
            span: Span {
                start: 0,
                end: 23,
            },
        },
    ),
)
