---
source: lambc_parse/src/parse.rs
expression: parser.parse_expr()
---
Ok(
    Binary(
        Binary {
            lhs: Ident(
                Ident {
                    raw: "me",
                    span: Span {
                        start: 0,
                        end: 2,
                    },
                },
            ),
            op: Appr,
            rhs: Binary(
                Binary {
                    lhs: Binary(
                        Binary {
                            lhs: Ident(
                                Ident {
                                    raw: "improvise",
                                    span: Span {
                                        start: 6,
                                        end: 15,
                                    },
                                },
                            ),
                            op: Cpsr,
                            rhs: Ident(
                                Ident {
                                    raw: "adapt",
                                    span: Span {
                                        start: 19,
                                        end: 24,
                                    },
                                },
                            ),
                            span: Span {
                                start: 6,
                                end: 24,
                            },
                            op_span: Span {
                                start: 16,
                                end: 18,
                            },
                        },
                    ),
                    op: Cpsr,
                    rhs: Ident(
                        Ident {
                            raw: "overcome",
                            span: Span {
                                start: 28,
                                end: 36,
                            },
                        },
                    ),
                    span: Span {
                        start: 6,
                        end: 36,
                    },
                    op_span: Span {
                        start: 25,
                        end: 27,
                    },
                },
            ),
            span: Span {
                start: 0,
                end: 36,
            },
            op_span: Span {
                start: 3,
                end: 5,
            },
        },
    ),
)
