---
source: lambc_parse/src/parse.rs
expression: parser.parse_expr()
---
Ok(
    Group(
        Group {
            value: Return(
                Return {
                    value: None,
                    span: Span {
                        file: FileId(
                            0,
                        ),
                        start: 1,
                        end: 7,
                    },
                },
            ),
            span: Span {
                file: FileId(
                    0,
                ),
                start: 0,
                end: 8,
            },
        },
    ),
)
