---
source: lambc_parse/src/parse.rs
expression: parser.parse_import()
---
Ok(
    Import {
        file: StrLit {
            text: Some(
                StrText {
                    inner: "my-path",
                    span: Span {
                        start: 6,
                        end: 13,
                    },
                },
            ),
            span: Span {
                start: 5,
                end: 14,
            },
        },
        name: Some(
            Ident {
                raw: "alias",
                span: Span {
                    start: 18,
                    end: 23,
                },
            },
        ),
        items: [],
        star: true,
        span: Span {
            start: 0,
            end: 33,
        },
    },
)
