---
source: lambc_parse/src/parse.rs
expression: parser.parse_module()
---
Ok(
    Module {
        exports: [],
        imports: [],
        items: [
            Def(
                Define {
                    ident: Ident {
                        raw: "id",
                        span: Span {
                            start: 21,
                            end: 23,
                        },
                    },
                    value: FnDef(
                        FnDef {
                            args: [
                                Ident {
                                    raw: "x",
                                    span: Span {
                                        start: 30,
                                        end: 31,
                                    },
                                },
                            ],
                            body: Ident(
                                Ident {
                                    raw: "x",
                                    span: Span {
                                        start: 36,
                                        end: 37,
                                    },
                                },
                            ),
                            recursive: false,
                            span: Span {
                                start: 27,
                                end: 37,
                            },
                        },
                    ),
                    span: Span {
                        start: 17,
                        end: 38,
                    },
                },
            ),
            Def(
                Define {
                    ident: Ident {
                        raw: "_",
                        span: Span {
                            start: 59,
                            end: 60,
                        },
                    },
                    value: Group(
                        Group {
                            value: Binary(
                                Binary {
                                    lhs: Binary(
                                        Binary {
                                            lhs: Ident(
                                                Ident {
                                                    raw: "id",
                                                    span: Span {
                                                        start: 65,
                                                        end: 67,
                                                    },
                                                },
                                            ),
                                            op: Cpsr,
                                            rhs: Ident(
                                                Ident {
                                                    raw: "id",
                                                    span: Span {
                                                        start: 71,
                                                        end: 73,
                                                    },
                                                },
                                            ),
                                            span: Span {
                                                start: 65,
                                                end: 73,
                                            },
                                            op_span: Span {
                                                start: 68,
                                                end: 70,
                                            },
                                        },
                                    ),
                                    op: Cpsr,
                                    rhs: Ident(
                                        Ident {
                                            raw: "id",
                                            span: Span {
                                                start: 77,
                                                end: 79,
                                            },
                                        },
                                    ),
                                    span: Span {
                                        start: 65,
                                        end: 79,
                                    },
                                    op_span: Span {
                                        start: 74,
                                        end: 76,
                                    },
                                },
                            ),
                            span: Span {
                                start: 64,
                                end: 80,
                            },
                        },
                    ),
                    span: Span {
                        start: 55,
                        end: 81,
                    },
                },
            ),
        ],
        path: "",
        span: Span {
            start: 0,
            end: 94,
        },
    },
)
