---
source: lambc_parse/src/parse.rs
expression: parser.parse_literal_pattern()
---
Ok(
    Literal(
        I64(
            I64Lit {
                base: Dec,
                value: "2",
                span: Span {
                    file: FileId(
                        0,
                    ),
                    start: 0,
                    end: 1,
                },
            },
        ),
    ),
)
