---
source: lambc_parse/src/parse.rs
expression: parser.parse_import()
---
Ok(
    Import {
        file: "my-path",
        name: None,
        items: [
            ImportItem {
                item: Ident {
                    raw: "one",
                    span: Span {
                        start: 24,
                        end: 27,
                    },
                },
                alias: None,
                span: Span {
                    start: 24,
                    end: 27,
                },
            },
            ImportItem {
                item: Ident {
                    raw: "two",
                    span: Span {
                        start: 29,
                        end: 32,
                    },
                },
                alias: None,
                span: Span {
                    start: 29,
                    end: 32,
                },
            },
        ],
        star: false,
        span: Span {
            start: 0,
            end: 35,
        },
    },
)
