---
source: lambc_parse/src/parse.rs
expression: parser.parse_import()
---
Ok(
    Import {
        file: StrLit {
            text: Some(
                StrText {
                    inner: "my-path",
                    span: Span {
                        start: 6,
                        end: 13,
                    },
                },
            ),
            span: Span {
                start: 5,
                end: 14,
            },
        },
        name: None,
        items: [
            ImportItem {
                item: Ident {
                    raw: "one",
                    span: Span {
                        start: 23,
                        end: 26,
                    },
                },
                alias: None,
                span: Span {
                    start: 23,
                    end: 26,
                },
            },
            ImportItem {
                item: Ident {
                    raw: "two",
                    span: Span {
                        start: 28,
                        end: 31,
                    },
                },
                alias: None,
                span: Span {
                    start: 28,
                    end: 31,
                },
            },
        ],
        star: false,
        span: Span {
            start: 0,
            end: 33,
        },
    },
)
