---
source: lambc_parse/src/parse.rs
expression: parser.parse_import()
---
Ok(
    Import {
        file: "my-path",
        name: Some(
            Ident {
                raw: "alias",
                span: Span {
                    start: 18,
                    end: 23,
                },
            },
        ),
        items: [],
        star: true,
        span: Span {
            start: 0,
            end: 33,
        },
    },
)
