---
source: lambc_parse/src/parse.rs
expression: parser.parse_expr()
---
Ok(
    Index(
        Index {
            lhs: Call(
                Call {
                    callee: Index(
                        Index {
                            lhs: I64(
                                I64Lit {
                                    base: Dec,
                                    value: "2",
                                    span: Span {
                                        file: FileId(
                                            0,
                                        ),
                                        start: 0,
                                        end: 1,
                                    },
                                },
                            ),
                            rhs: Ident(
                                Ident {
                                    raw: "one",
                                    span: Span {
                                        file: FileId(
                                            0,
                                        ),
                                        start: 2,
                                        end: 5,
                                    },
                                },
                            ),
                            span: Span {
                                file: FileId(
                                    0,
                                ),
                                start: 0,
                                end: 6,
                            },
                        },
                    ),
                    args: [
                        Ident(
                            Ident {
                                raw: "two",
                                span: Span {
                                    file: FileId(
                                        0,
                                    ),
                                    start: 7,
                                    end: 10,
                                },
                            },
                        ),
                        Ident(
                            Ident {
                                raw: "three",
                                span: Span {
                                    file: FileId(
                                        0,
                                    ),
                                    start: 12,
                                    end: 17,
                                },
                            },
                        ),
                    ],
                    span: Span {
                        file: FileId(
                            0,
                        ),
                        start: 0,
                        end: 18,
                    },
                },
            ),
            rhs: Ident(
                Ident {
                    raw: "four",
                    span: Span {
                        file: FileId(
                            0,
                        ),
                        start: 19,
                        end: 23,
                    },
                },
            ),
            span: Span {
                file: FileId(
                    0,
                ),
                start: 0,
                end: 24,
            },
        },
    ),
)
