---
source: lambc_parse/src/parse.rs
expression: parser.parse_atom()
---
Ok(
    List(
        List {
            values: [
                Nil(
                    NilLit {
                        span: Span {
                            start: 1,
                            end: 4,
                        },
                    },
                ),
                List(
                    List {
                        values: [],
                        span: Span {
                            start: 6,
                            end: 8,
                        },
                    },
                ),
                List(
                    List {
                        values: [
                            Nil(
                                NilLit {
                                    span: Span {
                                        start: 11,
                                        end: 14,
                                    },
                                },
                            ),
                            I64(
                                I64Lit {
                                    base: Dec,
                                    value: "2",
                                    span: Span {
                                        start: 16,
                                        end: 17,
                                    },
                                },
                            ),
                        ],
                        span: Span {
                            start: 10,
                            end: 19,
                        },
                    },
                ),
            ],
            span: Span {
                start: 0,
                end: 21,
            },
        },
    ),
)
