---
source: lambc_parse/src/parse.rs
expression: parser.parse_import()
---
Ok(
    Import {
        file: "my-path",
        name: Some(
            Ident {
                raw: "alias",
                span: Span {
                    start: 18,
                    end: 23,
                },
            },
        ),
        items: [
            ImportItem {
                item: Ident {
                    raw: "one",
                    span: Span {
                        start: 33,
                        end: 36,
                    },
                },
                alias: Some(
                    Ident {
                        raw: "i1",
                        span: Span {
                            start: 40,
                            end: 42,
                        },
                    },
                ),
                span: Span {
                    start: 40,
                    end: 42,
                },
            },
            ImportItem {
                item: Ident {
                    raw: "two",
                    span: Span {
                        start: 44,
                        end: 47,
                    },
                },
                alias: Some(
                    Ident {
                        raw: "i2",
                        span: Span {
                            start: 51,
                            end: 53,
                        },
                    },
                ),
                span: Span {
                    start: 51,
                    end: 53,
                },
            },
            ImportItem {
                item: Ident {
                    raw: "three",
                    span: Span {
                        start: 55,
                        end: 60,
                    },
                },
                alias: None,
                span: Span {
                    start: 55,
                    end: 60,
                },
            },
        ],
        star: false,
        span: Span {
            start: 0,
            end: 63,
        },
    },
)
