---
source: lambc_parse/src/parse.rs
expression: parser.parse_literal_pattern()
---
Ok(
    Literal(
        Bool(
            BoolLit {
                value: true,
                span: Span {
                    file: FileId(
                        0,
                    ),
                    start: 0,
                    end: 4,
                },
            },
        ),
    ),
)
